	.cpu cortex-m3
	.eabi_attribute 20, 1
	.eabi_attribute 21, 1
	.eabi_attribute 23, 3
	.eabi_attribute 24, 1
	.eabi_attribute 25, 1
	.eabi_attribute 26, 1
	.eabi_attribute 30, 4
	.eabi_attribute 34, 1
	.eabi_attribute 18, 4
	.file	"main.cpp"
	.section	.text.startup.main,"ax",%progbits
	.align	1
	.global	main
	.syntax unified
	.thumb
	.thumb_func
	.fpu softvfp
	.type	main, %function
main:
	@ Volatile: function does not return.
	@ args = 0, pretend = 0, frame = 0
	@ frame_needed = 0, uses_anonymous_args = 0
	mov	r6, #8192
	mov	r5, #536870912
	ldr	r2, .L3
	push	{r3, lr}
	ldr	r3, [r2, #24]
	ldr	r4, .L3+4
	orr	r3, r3, #16
	str	r3, [r2, #24]
	ldr	r3, .L3+8
	ldr	r2, [r3, #4]
	bic	r2, r2, #15728640
	str	r2, [r3, #4]
	ldr	r2, [r3, #4]
	orr	r2, r2, #3145728
	str	r2, [r3, #4]
.L2:
	ldr	r3, [r4, #8]
	str	r6, [r3, #16]
	bl	_Z4waitv
	ldr	r3, [r4, #8]
	str	r5, [r3, #16]
	bl	_Z4waitv
	b	.L2
.L4:
	.align	2
.L3:
	.word	1073876992
	.word	.LANCHOR0
	.word	1073811456
	.size	main, .-main
	.global	port_registers
	.section	.data.port_registers,"aw",%progbits
	.align	2
	.set	.LANCHOR0,. + 0
	.type	port_registers, %object
	.size	port_registers, 16
port_registers:
	.word	1073809408
	.word	1073810432
	.word	1073811456
	.word	1073812480
	.ident	"GCC: (GNU) 6.2.0"
