Archive member included to satisfy reference by file (symbol)

c:/sysgcc/arm-eabi/bin/../lib/gcc/arm-eabi/6.2.0/thumb/cortex_m3\libgcc.a(_aeabi_ldivmod.o)
                              hwlib.o (__aeabi_ldivmod)
c:/sysgcc/arm-eabi/bin/../lib/gcc/arm-eabi/6.2.0/thumb/cortex_m3\libgcc.a(_aeabi_uldivmod.o)
                              hwlib.o (__aeabi_uldivmod)
c:/sysgcc/arm-eabi/bin/../lib/gcc/arm-eabi/6.2.0/thumb/cortex_m3\libgcc.a(_udivmoddi4.o)
                              c:/sysgcc/arm-eabi/bin/../lib/gcc/arm-eabi/6.2.0/thumb/cortex_m3\libgcc.a(_aeabi_ldivmod.o) (__udivmoddi4)
c:/sysgcc/arm-eabi/bin/../lib/gcc/arm-eabi/6.2.0/thumb/cortex_m3\libgcc.a(_dvmd_tls.o)
                              c:/sysgcc/arm-eabi/bin/../lib/gcc/arm-eabi/6.2.0/thumb/cortex_m3\libgcc.a(_aeabi_ldivmod.o) (__aeabi_ldiv0)

Allocating common symbols
Common symbol       size              file

__dso_handle        0x4               bmptk_cortex.o

Discarded input sections

 .text          0x00000000        0x0 wait.o
 .data          0x00000000        0x0 wait.o
 .bss           0x00000000        0x0 wait.o
 .text          0x00000000        0x0 pin_set.o
 .data          0x00000000        0x0 pin_set.o
 .bss           0x00000000        0x0 pin_set.o
 .group         0x00000000        0x8 hwlib.o
 .group         0x00000000        0x8 hwlib.o
 .group         0x00000000        0x8 hwlib.o
 .group         0x00000000        0x8 hwlib.o
 .group         0x00000000        0x8 hwlib.o
 .group         0x00000000        0x8 hwlib.o
 .group         0x00000000        0x8 hwlib.o
 .group         0x00000000        0x8 hwlib.o
 .group         0x00000000        0x8 hwlib.o
 .group         0x00000000        0x8 hwlib.o
 .group         0x00000000        0x8 hwlib.o
 .group         0x00000000        0x8 hwlib.o
 .group         0x00000000        0x8 hwlib.o
 .group         0x00000000        0x8 hwlib.o
 .group         0x00000000        0x8 hwlib.o
 .group         0x00000000        0x8 hwlib.o
 .group         0x00000000        0x8 hwlib.o
 .group         0x00000000        0x8 hwlib.o
 .group         0x00000000        0x8 hwlib.o
 .group         0x00000000        0x8 hwlib.o
 .group         0x00000000        0x8 hwlib.o
 .group         0x00000000        0x8 hwlib.o
 .group         0x00000000        0x8 hwlib.o
 .group         0x00000000        0x8 hwlib.o
 .group         0x00000000        0x8 hwlib.o
 .group         0x00000000        0x8 hwlib.o
 .group         0x00000000        0x8 hwlib.o
 .group         0x00000000        0x8 hwlib.o
 .group         0x00000000        0x8 hwlib.o
 .group         0x00000000        0x8 hwlib.o
 .group         0x00000000        0x8 hwlib.o
 .group         0x00000000        0x8 hwlib.o
 .group         0x00000000        0x8 hwlib.o
 .group         0x00000000        0x8 hwlib.o
 .group         0x00000000        0x8 hwlib.o
 .text          0x00000000        0x0 hwlib.o
 .data          0x00000000        0x0 hwlib.o
 .bss           0x00000000        0x0 hwlib.o
 .text._ZN5hwlib10pin_in_out7refreshEv
                0x00000000        0x2 hwlib.o
 .text._ZN5hwlib10pin_in_out5flushEv
                0x00000000        0x2 hwlib.o
 .text._ZN5hwlib6pin_in7refreshEv
                0x00000000        0x2 hwlib.o
 .text._ZN5hwlib7pin_out5flushEv
                0x00000000        0x2 hwlib.o
 .text._ZN5hwlib6pin_oc7refreshEv
                0x00000000        0x2 hwlib.o
 .text._ZN5hwlib6pin_oc5flushEv
                0x00000000        0x2 hwlib.o
 .text._ZN5hwlib7ostream5flushEv
                0x00000000        0x2 hwlib.o
 .text._ZN5hwlib7istream11getc_nowaitEv
                0x00000000       0x1a hwlib.o
 .text._ZN5hwlib23_pin_in_out_dummy_class3setEbNS_9bufferingE
                0x00000000        0x2 hwlib.o
 .text._ZN5hwlib23_pin_in_out_dummy_class3getENS_9bufferingE
                0x00000000        0x4 hwlib.o
 .text._ZN5hwlib23_pin_in_out_dummy_class19direction_set_inputEv
                0x00000000        0x2 hwlib.o
 .text._ZN5hwlib23_pin_in_out_dummy_class20direction_set_outputEv
                0x00000000        0x2 hwlib.o
 .text._ZN5hwlib19_pin_in_dummy_class3getENS_9bufferingE
                0x00000000        0x4 hwlib.o
 .text._ZN5hwlib20_pin_out_dummy_class3setEbNS_9bufferingE
                0x00000000        0x2 hwlib.o
 .text._ZN5hwlib19_pin_oc_dummy_class3setEbNS_9bufferingE
                0x00000000        0x2 hwlib.o
 .text._ZN5hwlib19_pin_oc_dummy_class3getENS_9bufferingE
                0x00000000        0x4 hwlib.o
 .text._ZNK5hwlib9image_8x818get_implementationENS_8locationE
                0x00000000       0x44 hwlib.o
 .text._ZN5hwlib7ostream6fillerEi
                0x00000000       0x1a hwlib.o
 .text._ZN5hwliblsERNS_7ostreamEPKc
                0x00000000       0x54 hwlib.o
 .text._ZN5hwliblsERNS_7ostreamEx
                0x00000000      0x10a hwlib.o
 .text._ZN5hwlib5panicEPKcj
                0x00000000        0x2 hwlib.o
 .text._ZN5hwliblsERNS_7ostreamENS_8locationE
                0x00000000       0x3c hwlib.o
 .text._ZN5hwlib6window5writeENS_8locationENS_5colorENS_9bufferingE
                0x00000000       0x38 hwlib.o
 .text._ZN5hwlib4line4drawERNS_6windowENS_9bufferingE
                0x00000000       0xa8 hwlib.o
 .text._ZN5hwlib6circle4drawERNS_6windowENS_9bufferingE
                0x00000000      0x320 hwlib.o
 .text._ZN5hwlib4randEv
                0x00000000       0x20 hwlib.o
 .text._ZN5hwlib15random_in_rangeEjj
                0x00000000       0x1a hwlib.o
 .text._ZN11stm32f103c88pin_infoENS_4pinsE
                0x00000000       0x20 hwlib.o
 .text._ZN11stm32f103c814port_registersEm
                0x00000000       0x48 hwlib.o
 .text._ZN11stm32f103c812ticks_per_usEv
                0x00000000        0x6 hwlib.o
 .text._ZN11stm32f103c89now_ticksEv
                0x00000000       0x5c hwlib.o
 .text._ZN11stm32f103c89uart_initEv
                0x00000000       0x10 hwlib.o
 .text._ZN5hwlib9uart_putcEc
                0x00000000        0x4 hwlib.o
 .text._ZN5hwlib20cout_using_uart_putc4putcEc
                0x00000000        0xa hwlib.o
 .text._ZN5hwlib19uart_char_availableEv
                0x00000000        0x4 hwlib.o
 .text._ZN5hwlib19cin_using_uart_getc14char_availableEv
                0x00000000        0x8 hwlib.o
 .text._ZN5hwlib9uart_getcEv
                0x00000000        0x4 hwlib.o
 .text._ZN5hwlib19cin_using_uart_getc4getcEv
                0x00000000        0x8 hwlib.o
 .text._ZN5hwlib9now_ticksEv
                0x00000000        0x8 hwlib.o
 .text._ZN5hwlib12ticks_per_usEv
                0x00000000        0x8 hwlib.o
 .text._ZN5hwlib6now_usEv
                0x00000000       0x1c hwlib.o
 .text._ZN5hwlib12wait_us_busyEi
                0x00000000       0x1c hwlib.o
 .text._ZN5hwlib7wait_usEi
                0x00000000        0x4 hwlib.o
 .text._ZN5hwlib12wait_ns_busyEi
                0x00000000       0x10 hwlib.o
 .text._ZN5hwlib7wait_nsEi
                0x00000000        0x8 hwlib.o
 .text._ZN5hwlib24uart_getc_bit_banged_pinERNS_6pin_inE
                0x00000000       0x76 hwlib.o
 .text._ZN5hwlib12wait_ms_busyEi
                0x00000000       0x16 hwlib.o
 .text._ZN5hwlib7wait_msEi
                0x00000000        0x8 hwlib.o
 .text._ZN5hwlib5blinkERNS_7pin_outEj
                0x00000000       0x2c hwlib.o
 .text._ZN5hwlib4kittERNS_11port_in_outEj
                0x00000000       0x58 hwlib.o
 .text._ZN5hwlib4kittERNS_8port_outEj
                0x00000000       0x52 hwlib.o
 .text._ZN5hwlib4kittERNS_7port_ocEj
                0x00000000       0x52 hwlib.o
 .text._ZN5hwlib21graphics_random_linesERNS_6windowEj
                0x00000000      0x100 hwlib.o
 .text._ZN5hwlib23graphics_random_circlesERNS_6windowEj
                0x00000000       0x90 hwlib.o
 .text._ZN5hwlib12dac_triangleERNS_3dacEj
                0x00000000       0x36 hwlib.o
 .text._ZN5hwlib24uart_putc_bit_banged_pinEcRNS_7pin_outE
                0x00000000       0x66 hwlib.o
 .rodata._ZTVN5hwlib20cout_using_uart_putcE
                0x00000000       0x10 hwlib.o
 .rodata._ZTVN5hwlib19cin_using_uart_getcE
                0x00000000       0x14 hwlib.o
 .rodata._ZTVN5hwlib23_pin_in_out_dummy_classE
                0x00000000       0x20 hwlib.o
 .rodata._ZTVN5hwlib19_pin_in_dummy_classE
                0x00000000       0x10 hwlib.o
 .rodata._ZTVN5hwlib20_pin_out_dummy_classE
                0x00000000       0x10 hwlib.o
 .rodata._ZTVN5hwlib19_pin_oc_dummy_classE
                0x00000000       0x18 hwlib.o
 .rodata._ZTVN5hwlib9image_8x8E
                0x00000000        0xc hwlib.o
 .rodata._ZTVN5hwlib4lineE
                0x00000000        0xc hwlib.o
 .rodata._ZTVN5hwlib6circleE
                0x00000000        0xc hwlib.o
 .bss._ZN5hwlib6stringILj0EE5dummyE
                0x00000000        0x1 hwlib.o
 .bss._ZZN11stm32f103c89now_ticksEvE4high
                0x00000000        0x8 hwlib.o
 .bss._ZZN11stm32f103c89now_ticksEvE8last_low
                0x00000000        0x4 hwlib.o
 .bss._ZZN11stm32f103c89now_ticksEvE9init_done
                0x00000000        0x1 hwlib.o
 .bss._ZZN11stm32f103c89uart_initEvE9init_done
                0x00000000        0x1 hwlib.o
 .bss._ZZN5hwlib4randEvE1n
                0x00000000        0x4 hwlib.o
 .data._ZN5hwlib12pin_in_dummyE
                0x00000000        0x4 hwlib.o
 .data._ZN5hwlib12pin_oc_dummyE
                0x00000000        0x4 hwlib.o
 .data._ZN5hwlib13pin_out_dummyE
                0x00000000        0x4 hwlib.o
 .data._ZN5hwlib15font_16x16_dataE
                0x00000000      0xbe4 hwlib.o
 .data._ZN5hwlib16pin_in_out_dummyE
                0x00000000        0x4 hwlib.o
 .data._ZN5hwlib3cinE
                0x00000000        0x4 hwlib.o
 .data._ZN5hwlib4coutE
                0x00000000       0x14 hwlib.o
 .rodata._ZN11stm32f103c88pin_infoENS_4pinsE.str1.1
                0x00000000       0x33 hwlib.o
 .rodata._ZN5hwlib16font_default_8x86imagesE
                0x00000000      0xa00 hwlib.o
 .rodata._ZN5hwlibL5blackE
                0x00000000        0x4 hwlib.o
 .rodata._ZN5hwlibL5whiteE
                0x00000000        0x4 hwlib.o
 .rodata._ZN5hwliblsERNS_7ostreamENS_8locationE.str1.1
                0x00000000        0x6 hwlib.o
 .rodata._ZZN11stm32f103c88pin_infoENS_4pinsEE14pin_info_array
                0x00000000       0x62 hwlib.o
 .text          0x00000000        0x0 main.o
 .data          0x00000000        0x0 main.o
 .bss           0x00000000        0x0 main.o
 .text          0x00000000        0x0 bmptk_cortex.o
 .data          0x00000000        0x0 bmptk_cortex.o
 .bss           0x00000000        0x0 bmptk_cortex.o
 .text.__aeabi_idiv0
                0x00000000        0x4 bmptk_cortex.o
 .text.__cxa_pure_virtual
                0x00000000        0x2 bmptk_cortex.o
 COMMON         0x00000000        0x4 bmptk_cortex.o
 .text          0x00000000        0x0 bmptk_heap_none.o
 .data          0x00000000        0x0 bmptk_heap_none.o
 .bss           0x00000000        0x0 bmptk_heap_none.o
 .text.malloc   0x00000000        0xa bmptk_heap_none.o
 .text.free     0x00000000        0x4 bmptk_heap_none.o
 .text          0x00000000        0x0 bmptk_fixed_size_stack.o
 .data          0x00000000        0x0 bmptk_fixed_size_stack.o
 .bss           0x00000000        0x0 bmptk_fixed_size_stack.o
 .text          0x00000000       0xa0 c:/sysgcc/arm-eabi/bin/../lib/gcc/arm-eabi/6.2.0/thumb/cortex_m3\libgcc.a(_aeabi_ldivmod.o)
 .data          0x00000000        0x0 c:/sysgcc/arm-eabi/bin/../lib/gcc/arm-eabi/6.2.0/thumb/cortex_m3\libgcc.a(_aeabi_ldivmod.o)
 .bss           0x00000000        0x0 c:/sysgcc/arm-eabi/bin/../lib/gcc/arm-eabi/6.2.0/thumb/cortex_m3\libgcc.a(_aeabi_ldivmod.o)
 .text          0x00000000       0x30 c:/sysgcc/arm-eabi/bin/../lib/gcc/arm-eabi/6.2.0/thumb/cortex_m3\libgcc.a(_aeabi_uldivmod.o)
 .data          0x00000000        0x0 c:/sysgcc/arm-eabi/bin/../lib/gcc/arm-eabi/6.2.0/thumb/cortex_m3\libgcc.a(_aeabi_uldivmod.o)
 .bss           0x00000000        0x0 c:/sysgcc/arm-eabi/bin/../lib/gcc/arm-eabi/6.2.0/thumb/cortex_m3\libgcc.a(_aeabi_uldivmod.o)
 .text          0x00000000      0x2dc c:/sysgcc/arm-eabi/bin/../lib/gcc/arm-eabi/6.2.0/thumb/cortex_m3\libgcc.a(_udivmoddi4.o)
 .data          0x00000000        0x0 c:/sysgcc/arm-eabi/bin/../lib/gcc/arm-eabi/6.2.0/thumb/cortex_m3\libgcc.a(_udivmoddi4.o)
 .bss           0x00000000        0x0 c:/sysgcc/arm-eabi/bin/../lib/gcc/arm-eabi/6.2.0/thumb/cortex_m3\libgcc.a(_udivmoddi4.o)
 .ARM.extab     0x00000000        0x0 c:/sysgcc/arm-eabi/bin/../lib/gcc/arm-eabi/6.2.0/thumb/cortex_m3\libgcc.a(_udivmoddi4.o)
 .ARM.exidx     0x00000000        0x8 c:/sysgcc/arm-eabi/bin/../lib/gcc/arm-eabi/6.2.0/thumb/cortex_m3\libgcc.a(_udivmoddi4.o)
 .text          0x00000000        0x4 c:/sysgcc/arm-eabi/bin/../lib/gcc/arm-eabi/6.2.0/thumb/cortex_m3\libgcc.a(_dvmd_tls.o)
 .data          0x00000000        0x0 c:/sysgcc/arm-eabi/bin/../lib/gcc/arm-eabi/6.2.0/thumb/cortex_m3\libgcc.a(_dvmd_tls.o)
 .bss           0x00000000        0x0 c:/sysgcc/arm-eabi/bin/../lib/gcc/arm-eabi/6.2.0/thumb/cortex_m3\libgcc.a(_dvmd_tls.o)

Memory Configuration

Name             Origin             Length             Attributes
rom              0x08000000         0x00010000         xr
ram              0x20000000         0x00005000         xrw
nul              0x20005000         0x00000000         xrw
*default*        0x00000000         0xffffffff

Linker script and memory map

LOAD c:/sysgcc/arm-eabi/bin/../lib/gcc/arm-eabi/6.2.0/thumb/cortex_m3\libgcc.a
LOAD wait.o
LOAD pin_set.o
LOAD hwlib.o
LOAD main.o
LOAD bmptk_cortex.o
LOAD bmptk_heap_none.o
LOAD bmptk_fixed_size_stack.o
LOAD c:/sysgcc/arm-eabi/bin/../lib/gcc/arm-eabi/6.2.0/../../../../arm-eabi/lib/thumb/cortex_m3\libm.a
LOAD c:/sysgcc/arm-eabi/bin/../lib/gcc/arm-eabi/6.2.0/thumb/cortex_m3\libgcc.a
LOAD c:/sysgcc/arm-eabi/bin/../lib/gcc/arm-eabi/6.2.0/../../../../arm-eabi/lib/thumb/cortex_m3\libc.a
                0x08000000                __rom_start = ORIGIN (rom)
                0x00010000                __rom_size = LENGTH (rom)
                0x08010000                __rom_end = (__rom_start + __rom_size)
                0x20000000                __ram_start = ORIGIN (ram)
                0x00005000                __ram_size = LENGTH (ram)
                0x20005000                __ram_end = (__ram_start + __ram_size)
                [!provide]                PROVIDE (__rom_start, __rom_start)
                [!provide]                PROVIDE (__rom_size, __rom_size)
                [!provide]                PROVIDE (__rom_end, __rom_end)
                [!provide]                PROVIDE (__ram_start, __ram_start)
                [!provide]                PROVIDE (__ram_size, __ram_size)
                [!provide]                PROVIDE (__ram_end, __ram_end)

.text           0x08000000       0xf8
                0x08000000                . = ALIGN (0x4)
                0x08000000                __text_start = .
                [!provide]                PROVIDE (__text_start, __text_start)
                0x08000000                . = ALIGN (0x4)
 *(.vectors)
 .vectors       0x08000000       0x20 bmptk_cortex.o
                0x08000000                __vectors
                0x08000020                . = ALIGN (0x4)
 *(.text .text.* .gnu.linkonce.t.*)
 .text._Z4waitv
                0x08000020       0x20 wait.o
                0x08000020                _Z4waitv
 .text._Z7pin_setib
                0x08000040       0x30 pin_set.o
                0x08000040                _Z7pin_setib
 .text.startup.main
                0x08000070       0x40 main.o
                0x08000070                main
 .text.__startup
                0x080000b0       0x48 bmptk_cortex.o
                0x080000b0                __startup
                0x080000f8                . = ALIGN (0x4)
 *(.glue_7t .glue_7)
 .glue_7        0x080000f8        0x0 linker stubs
 .glue_7t       0x080000f8        0x0 linker stubs
                0x080000f8                . = ALIGN (0x4)
 *(.rodata .rodata.* .gnu.linkonce.r.*)
                0x080000f8                . = ALIGN (0x4)
 *(.ARM.extab* .gnu.linkonce.armextab.*)
                0x080000f8                . = ALIGN (0x4)
 *(.gcc_except_table)
                0x080000f8                . = ALIGN (0x4)
 *(.eh_frame_hdr)
                0x080000f8                . = ALIGN (0x4)
 *(.eh_frame)
                0x080000f8                . = ALIGN (0x4)
                0x080000f8                __text_end = .
                [!provide]                PROVIDE (__text_end, __text_end)

.vfp11_veneer   0x080000f8        0x0
 .vfp11_veneer  0x080000f8        0x0 linker stubs

.v4_bx          0x080000f8        0x0
 .v4_bx         0x080000f8        0x0 linker stubs

.iplt           0x080000f8        0x0
 .iplt          0x080000f8        0x0 pin_set.o

.rel.dyn        0x080000f8        0x0
 .rel.iplt      0x080000f8        0x0 pin_set.o

.IF_YOU_SEE_THIS_YOU_HAVE_ONE_OR_MORE_GLOBAL_OBJECT_CONSTRUCTORS
 *(.init)
 *(.preinit_array)
 *(SORT(.init_array.*))
 *(.init_array)
                0x080000f8                . = ALIGN (0x4)
                0x080000f8                __exidx_start = .
                [!provide]                PROVIDE (__exidx_start, __exidx_start)

.ARM.exidx
 *(.ARM.exidx* .gnu.linkonce.armexidx.*)
                0x080000f8                . = ALIGN (0x4)
                0x080000f8                __exidx_end = .
                [!provide]                PROVIDE (__exidx_end, __exidx_end)

.bss            0x20000000     0x1800
                0x20000000                . = ALIGN (0x4)
                0x20000000                __stack_start = .
                [!provide]                PROVIDE (__stack_start, __stack_start)
                0x20000000                . = ALIGN (0x4)
 *(.bmptk_stack)
 .bmptk_stack   0x20000000     0x1800 bmptk_fixed_size_stack.o
                0x20000000                bmptk_stack
                0x20001800                . = ALIGN (0x8)
                0x20001800                __main_stack_end = .
                [!provide]                PROVIDE (__main_stack_end, __main_stack_end)
                0x20001800                . = ALIGN (0x4)
                0x20001800                __stack_end = .
                [!provide]                PROVIDE (__stack_end, __stack_end)
                0x20001800                . = ALIGN (0x4)
                0x20001800                __bss_start = .
                [!provide]                PROVIDE (__bss_start, __bss_start)
                0x20001800                . = ALIGN (0x4)
 *(.bss .bss.* .gnu.linkonce.b.*)
                0x20001800                . = ALIGN (0x4)
 *(COMMON)
                0x20001800                . = ALIGN (0x4)
                0x20001800                __bss_end = .
                [!provide]                PROVIDE (__bss_end, __bss_end)

.data           0x20001800       0x10 load address 0x080000f8
                0x20001800                . = ALIGN (0x4)
                0x080000f8                __data_init_start = LOADADDR (.data)
                [!provide]                PROVIDE (__data_init_start, __data_init_start)
                0x20001800                __data_start = .
                [!provide]                PROVIDE (__data_start, __data_start)
                0x20001800                . = ALIGN (0x4)
 *(.data .data.* .gnu.linkonce.d.*)
 .data.port_registers
                0x20001800       0x10 pin_set.o
                0x20001800                port_registers
                0x20001810                . = ALIGN (0x4)
                0x20001810                __data_end = .
                [!provide]                PROVIDE (__data_end, __data_end)
                0x080000f8                __data_init_end = LOADADDR (.data)
                [!provide]                PROVIDE (__data_init_end, __data_init_end)
                0x00000010                PROVIDE (__data_size, (__data_end - __data_start))
                0x00000010                PROVIDE (__data_init_size, __data_size)
                [!provide]                PROVIDE (__data_init_end, (__data_init_start + __data_init_size))

.igot.plt       0x20001810        0x0 load address 0x08000108
 .igot.plt      0x20001810        0x0 pin_set.o
                0x20001810                . = ALIGN (0x4)
                0x20001810                __heap_start = .
                [!provide]                PROVIDE (__heap_start, __heap_start)
                0x20001810                . = ALIGN (0x4)
                0x20005000                __heap_end = __ram_end
                [!provide]                PROVIDE (__heap_end, __heap_end)

.stab
 *(.stab)

.stabstr
 *(.stabstr)

.debug
 *(.debug)

.line
 *(.line)

.debug_srcinfo
 *(.debug_srcinfo)

.debug_sfnames
 *(.debug_sfnames)

.debug_aranges  0x00000000       0x80
 *(.debug_aranges)
 .debug_aranges
                0x00000000       0x20 c:/sysgcc/arm-eabi/bin/../lib/gcc/arm-eabi/6.2.0/thumb/cortex_m3\libgcc.a(_aeabi_ldivmod.o)
 .debug_aranges
                0x00000020       0x20 c:/sysgcc/arm-eabi/bin/../lib/gcc/arm-eabi/6.2.0/thumb/cortex_m3\libgcc.a(_aeabi_uldivmod.o)
 .debug_aranges
                0x00000040       0x20 c:/sysgcc/arm-eabi/bin/../lib/gcc/arm-eabi/6.2.0/thumb/cortex_m3\libgcc.a(_udivmoddi4.o)
 .debug_aranges
                0x00000060       0x20 c:/sysgcc/arm-eabi/bin/../lib/gcc/arm-eabi/6.2.0/thumb/cortex_m3\libgcc.a(_dvmd_tls.o)

.debug_pubnames
 *(.debug_pubnames)

.debug_info     0x00000000      0xe8f
 *(.debug_info .gnu.linkonce.wi.*)
 .debug_info    0x00000000       0xd9 c:/sysgcc/arm-eabi/bin/../lib/gcc/arm-eabi/6.2.0/thumb/cortex_m3\libgcc.a(_aeabi_ldivmod.o)
 .debug_info    0x000000d9       0xd9 c:/sysgcc/arm-eabi/bin/../lib/gcc/arm-eabi/6.2.0/thumb/cortex_m3\libgcc.a(_aeabi_uldivmod.o)
 .debug_info    0x000001b2      0xc00 c:/sysgcc/arm-eabi/bin/../lib/gcc/arm-eabi/6.2.0/thumb/cortex_m3\libgcc.a(_udivmoddi4.o)
 .debug_info    0x00000db2       0xdd c:/sysgcc/arm-eabi/bin/../lib/gcc/arm-eabi/6.2.0/thumb/cortex_m3\libgcc.a(_dvmd_tls.o)

.debug_abbrev   0x00000000      0x1c8
 *(.debug_abbrev)
 .debug_abbrev  0x00000000       0x14 c:/sysgcc/arm-eabi/bin/../lib/gcc/arm-eabi/6.2.0/thumb/cortex_m3\libgcc.a(_aeabi_ldivmod.o)
 .debug_abbrev  0x00000014       0x14 c:/sysgcc/arm-eabi/bin/../lib/gcc/arm-eabi/6.2.0/thumb/cortex_m3\libgcc.a(_aeabi_uldivmod.o)
 .debug_abbrev  0x00000028      0x18c c:/sysgcc/arm-eabi/bin/../lib/gcc/arm-eabi/6.2.0/thumb/cortex_m3\libgcc.a(_udivmoddi4.o)
 .debug_abbrev  0x000001b4       0x14 c:/sysgcc/arm-eabi/bin/../lib/gcc/arm-eabi/6.2.0/thumb/cortex_m3\libgcc.a(_dvmd_tls.o)

.debug_line     0x00000000      0x3a1
 *(.debug_line)
 .debug_line    0x00000000       0x85 c:/sysgcc/arm-eabi/bin/../lib/gcc/arm-eabi/6.2.0/thumb/cortex_m3\libgcc.a(_aeabi_ldivmod.o)
 .debug_line    0x00000085       0x67 c:/sysgcc/arm-eabi/bin/../lib/gcc/arm-eabi/6.2.0/thumb/cortex_m3\libgcc.a(_aeabi_uldivmod.o)
 .debug_line    0x000000ec      0x24e c:/sysgcc/arm-eabi/bin/../lib/gcc/arm-eabi/6.2.0/thumb/cortex_m3\libgcc.a(_udivmoddi4.o)
 .debug_line    0x0000033a       0x67 c:/sysgcc/arm-eabi/bin/../lib/gcc/arm-eabi/6.2.0/thumb/cortex_m3\libgcc.a(_dvmd_tls.o)

.debug_frame    0x00000000       0xa4
 *(.debug_frame)
 .debug_frame   0x00000000       0x44 c:/sysgcc/arm-eabi/bin/../lib/gcc/arm-eabi/6.2.0/thumb/cortex_m3\libgcc.a(_aeabi_ldivmod.o)
 .debug_frame   0x00000044       0x2c c:/sysgcc/arm-eabi/bin/../lib/gcc/arm-eabi/6.2.0/thumb/cortex_m3\libgcc.a(_aeabi_uldivmod.o)
 .debug_frame   0x00000070       0x34 c:/sysgcc/arm-eabi/bin/../lib/gcc/arm-eabi/6.2.0/thumb/cortex_m3\libgcc.a(_udivmoddi4.o)

.debug_str      0x00000000      0xc14
 *(.debug_str)
 .debug_str     0x00000000      0xc14 c:/sysgcc/arm-eabi/bin/../lib/gcc/arm-eabi/6.2.0/thumb/cortex_m3\libgcc.a(_udivmoddi4.o)
                                0xc9d (size before relaxing)

.debug_loc      0x00000000      0xdb9
 *(.debug_loc)
 .debug_loc     0x00000000      0xdb9 c:/sysgcc/arm-eabi/bin/../lib/gcc/arm-eabi/6.2.0/thumb/cortex_m3\libgcc.a(_udivmoddi4.o)

.comment        0x00000000       0x11
 .comment       0x00000000       0x11 wait.o
                                 0x12 (size before relaxing)
 .comment       0x00000011       0x12 pin_set.o
 .comment       0x00000011       0x12 hwlib.o
 .comment       0x00000011       0x12 main.o
 .comment       0x00000011       0x12 bmptk_cortex.o
 .comment       0x00000011       0x12 bmptk_heap_none.o
 .comment       0x00000011       0x12 bmptk_fixed_size_stack.o
 .comment       0x00000011       0x12 c:/sysgcc/arm-eabi/bin/../lib/gcc/arm-eabi/6.2.0/thumb/cortex_m3\libgcc.a(_udivmoddi4.o)

.debug_macinfo
 *(.debug_macinfo)

.debug_weaknames
 *(.debug_weaknames)

.debug_funcnames
 *(.debug_funcnames)

.debug_typenames
 *(.debug_typenames)

.debug_varnames
 *(.debug_varnames)

.note.gnu.arm.ident
 *(.note.gnu.arm.ident)

.ARM.attributes
                0x00000000       0x33
 *(.ARM.attributes)
 .ARM.attributes
                0x00000000       0x33 wait.o
 .ARM.attributes
                0x00000033       0x33 pin_set.o
 .ARM.attributes
                0x00000066       0x33 hwlib.o
 .ARM.attributes
                0x00000099       0x33 main.o
 .ARM.attributes
                0x000000cc       0x33 bmptk_cortex.o
 .ARM.attributes
                0x000000ff       0x33 bmptk_heap_none.o
 .ARM.attributes
                0x00000132       0x33 bmptk_fixed_size_stack.o
 .ARM.attributes
                0x00000165       0x23 c:/sysgcc/arm-eabi/bin/../lib/gcc/arm-eabi/6.2.0/thumb/cortex_m3\libgcc.a(_aeabi_ldivmod.o)
 .ARM.attributes
                0x00000188       0x23 c:/sysgcc/arm-eabi/bin/../lib/gcc/arm-eabi/6.2.0/thumb/cortex_m3\libgcc.a(_aeabi_uldivmod.o)
 .ARM.attributes
                0x000001ab       0x33 c:/sysgcc/arm-eabi/bin/../lib/gcc/arm-eabi/6.2.0/thumb/cortex_m3\libgcc.a(_udivmoddi4.o)
 .ARM.attributes
                0x000001de       0x23 c:/sysgcc/arm-eabi/bin/../lib/gcc/arm-eabi/6.2.0/thumb/cortex_m3\libgcc.a(_dvmd_tls.o)

/DISCARD/
 *(.note.GNU-stack)
                [!provide]                PROVIDE (__text_size, (__text_end - __text_start))
                [!provide]                PROVIDE (__exidx_size, (__exidx_end - __exidx_start))
                [!provide]                PROVIDE (__bss_size, (__bss_end - __bss_start))
                [!provide]                PROVIDE (__stack_size, (__stack_end - __stack_start))
                [!provide]                PROVIDE (__heap_size, (__heap_end - __heap_start))
OUTPUT(main.elf elf32-littlearm)

.debug_ranges   0x00000000       0xf0
 .debug_ranges  0x00000000       0xf0 c:/sysgcc/arm-eabi/bin/../lib/gcc/arm-eabi/6.2.0/thumb/cortex_m3\libgcc.a(_udivmoddi4.o)
