
Allocating common symbols
Common symbol       size              file

__dso_handle        0x4               bmptk_cortex.o

Discarded input sections

 .text          0x00000000        0x0 wait.o (symbol from plugin)
 .text          0x00000000        0x0 C:\Users\Wouter\AppData\Local\Temp\cc8QUFAS.ltrans0.ltrans.o
 .data          0x00000000        0x0 C:\Users\Wouter\AppData\Local\Temp\cc8QUFAS.ltrans0.ltrans.o
 .bss           0x00000000        0x0 C:\Users\Wouter\AppData\Local\Temp\cc8QUFAS.ltrans0.ltrans.o
 .text          0x00000000        0x0 pin_set.o (symbol from plugin)
 .text          0x00000000        0x0 hwlib.o (symbol from plugin)
 .gnu.linkonce.t._ZN5hwlib10pin_in_out7refreshEv
                0x00000000        0x0 hwlib.o (symbol from plugin)
 .gnu.linkonce.t._ZN5hwlib10pin_in_out5flushEv
                0x00000000        0x0 hwlib.o (symbol from plugin)
 .gnu.linkonce.t._ZN5hwlib6pin_in7refreshEv
                0x00000000        0x0 hwlib.o (symbol from plugin)
 .gnu.linkonce.t._ZN5hwlib7pin_out5flushEv
                0x00000000        0x0 hwlib.o (symbol from plugin)
 .gnu.linkonce.t._ZN5hwlib6pin_oc7refreshEv
                0x00000000        0x0 hwlib.o (symbol from plugin)
 .gnu.linkonce.t._ZN5hwlib6pin_oc5flushEv
                0x00000000        0x0 hwlib.o (symbol from plugin)
 .gnu.linkonce.t._ZN5hwlib7ostream5flushEv
                0x00000000        0x0 hwlib.o (symbol from plugin)
 .gnu.linkonce.t._ZN5hwlib7istream11getc_nowaitEv
                0x00000000        0x0 hwlib.o (symbol from plugin)
 .gnu.linkonce.t._ZN5hwlib23_pin_in_out_dummy_class3setEbNS_9bufferingE
                0x00000000        0x0 hwlib.o (symbol from plugin)
 .gnu.linkonce.t._ZN5hwlib23_pin_in_out_dummy_class3getENS_9bufferingE
                0x00000000        0x0 hwlib.o (symbol from plugin)
 .gnu.linkonce.t._ZN5hwlib23_pin_in_out_dummy_class19direction_set_inputEv
                0x00000000        0x0 hwlib.o (symbol from plugin)
 .gnu.linkonce.t._ZN5hwlib23_pin_in_out_dummy_class20direction_set_outputEv
                0x00000000        0x0 hwlib.o (symbol from plugin)
 .gnu.linkonce.t._ZN5hwlib19_pin_in_dummy_class3getENS_9bufferingE
                0x00000000        0x0 hwlib.o (symbol from plugin)
 .gnu.linkonce.t._ZN5hwlib20_pin_out_dummy_class3setEbNS_9bufferingE
                0x00000000        0x0 hwlib.o (symbol from plugin)
 .gnu.linkonce.t._ZN5hwlib19_pin_oc_dummy_class3setEbNS_9bufferingE
                0x00000000        0x0 hwlib.o (symbol from plugin)
 .gnu.linkonce.t._ZN5hwlib19_pin_oc_dummy_class3getENS_9bufferingE
                0x00000000        0x0 hwlib.o (symbol from plugin)
 .gnu.linkonce.t._ZNK5hwlib9image_8x818get_implementationENS_8locationE
                0x00000000        0x0 hwlib.o (symbol from plugin)
 .gnu.linkonce.t._ZN5hwlib7ostream6strlenEPKc
                0x00000000        0x0 hwlib.o (symbol from plugin)
 .gnu.linkonce.t._ZN5hwlib7ostream7reverse9add_digitEcc
                0x00000000        0x0 hwlib.o (symbol from plugin)
 .gnu.linkonce.t._ZN5hwlib7ostream7reverse10add_prefixERKS0_
                0x00000000        0x0 hwlib.o (symbol from plugin)
 .gnu.linkonce.t._ZN5hwlib7ostreamlsEc
                0x00000000        0x0 hwlib.o (symbol from plugin)
 .gnu.linkonce.t._ZN5hwlib7ostream6fillerEi
                0x00000000        0x0 hwlib.o (symbol from plugin)
 .gnu.linkonce.t._ZN5hwliblsERNS_7ostreamEPKc
                0x00000000        0x0 hwlib.o (symbol from plugin)
 .gnu.linkonce.t._ZN5hwliblsERNS_7ostreamEx
                0x00000000        0x0 hwlib.o (symbol from plugin)
 .gnu.linkonce.t._ZN5hwliblsERNS_7ostreamEj
                0x00000000        0x0 hwlib.o (symbol from plugin)
 .gnu.linkonce.t._ZN5hwlib7istream14char_availableEv
                0x00000000        0x0 hwlib.o (symbol from plugin)
 .gnu.linkonce.t._ZN5hwlib15pin_out_from_oc3setEbNS_9bufferingE
                0x00000000        0x0 hwlib.o (symbol from plugin)
 .gnu.linkonce.t._ZN5hwlib21port_in_out_from_pins14number_of_pinsEv
                0x00000000        0x0 hwlib.o (symbol from plugin)
 .gnu.linkonce.t._ZN5hwlib21port_in_out_from_pins20direction_set_outputEv
                0x00000000        0x0 hwlib.o (symbol from plugin)
 .gnu.linkonce.t._ZN5hwlib21port_in_out_from_pins3setEjNS_9bufferingE
                0x00000000        0x0 hwlib.o (symbol from plugin)
 .gnu.linkonce.t._ZN5hwlib18port_out_from_pins14number_of_pinsEv
                0x00000000        0x0 hwlib.o (symbol from plugin)
 .gnu.linkonce.t._ZN5hwlib18port_out_from_pins3setEjNS_9bufferingE
                0x00000000        0x0 hwlib.o (symbol from plugin)
 .gnu.linkonce.t._ZN5hwlib21port_out_from_pins_oc14number_of_pinsEv
                0x00000000        0x0 hwlib.o (symbol from plugin)
 .gnu.linkonce.t._ZN5hwlib21port_out_from_pins_oc3setEjNS_9bufferingE
                0x00000000        0x0 hwlib.o (symbol from plugin)
 .gnu.linkonce.t._ZN5hwlib17port_oc_from_pins14number_of_pinsEv
                0x00000000        0x0 hwlib.o (symbol from plugin)
 .gnu.linkonce.t._ZN5hwlib17port_oc_from_pins3setEjNS_9bufferingE
                0x00000000        0x0 hwlib.o (symbol from plugin)
 .gnu.linkonce.t._ZN5hwlib18port_in_out_invert20direction_set_outputEv
                0x00000000        0x0 hwlib.o (symbol from plugin)
 .gnu.linkonce.t._ZN5hwlib18port_in_out_invert14number_of_pinsEv
                0x00000000        0x0 hwlib.o (symbol from plugin)
 .gnu.linkonce.t._ZN5hwlib18port_in_out_invert3setEjNS_9bufferingE
                0x00000000        0x0 hwlib.o (symbol from plugin)
 .gnu.linkonce.t._ZN5hwlib15port_out_invert14number_of_pinsEv
                0x00000000        0x0 hwlib.o (symbol from plugin)
 .gnu.linkonce.t._ZN5hwlib15port_out_invert3setEjNS_9bufferingE
                0x00000000        0x0 hwlib.o (symbol from plugin)
 .gnu.linkonce.t._ZN5hwlib14port_oc_invert14number_of_pinsEv
                0x00000000        0x0 hwlib.o (symbol from plugin)
 .gnu.linkonce.t._ZN5hwlib14port_oc_invert3setEjNS_9bufferingE
                0x00000000        0x0 hwlib.o (symbol from plugin)
 .gnu.linkonce.t._ZN5hwlib7console22goto_xy_implementationEjj
                0x00000000        0x0 hwlib.o (symbol from plugin)
 .gnu.linkonce.t._ZN5hwlib7console7goto_xyEjj
                0x00000000        0x0 hwlib.o (symbol from plugin)
 .gnu.linkonce.t._ZN5hwlib7console4putcEc
                0x00000000        0x0 hwlib.o (symbol from plugin)
 .gnu.linkonce.t._ZN5hwlib7console5clearEv
                0x00000000        0x0 hwlib.o (symbol from plugin)
 .gnu.linkonce.t._ZN5hwlib5colorC5Ehhhb
                0x00000000        0x0 hwlib.o (symbol from plugin)
 .gnu.linkonce.t._ZNK5hwlib5colorngEv
                0x00000000        0x0 hwlib.o (symbol from plugin)
 .gnu.linkonce.t._ZNK5hwlib5coloreqES0_
                0x00000000        0x0 hwlib.o (symbol from plugin)
 .gnu.linkonce.t._ZNK5hwlib5colorneES0_
                0x00000000        0x0 hwlib.o (symbol from plugin)
 .gnu.linkonce.t._ZNK5hwlib5imageixENS_8locationE
                0x00000000        0x0 hwlib.o (symbol from plugin)
 .gnu.linkonce.t._ZN5hwlib6window5writeENS_8locationENS_5colorENS_9bufferingE
                0x00000000        0x0 hwlib.o (symbol from plugin)
 .gnu.linkonce.t._ZN5hwlib4line4drawERNS_6windowENS_9bufferingE
                0x00000000        0x0 hwlib.o (symbol from plugin)
 .gnu.linkonce.t._ZN5hwlib6circle4drawERNS_6windowENS_9bufferingE
                0x00000000        0x0 hwlib.o (symbol from plugin)
 .gnu.linkonce.t._ZTVN5hwlib4lineE
                0x00000000        0x0 hwlib.o (symbol from plugin)
 .gnu.linkonce.t._ZN5hwlib6window5flushEv
                0x00000000        0x0 hwlib.o (symbol from plugin)
 .gnu.linkonce.t._ZN5hwlib6window5writeENS_8locationERKNS_5imageENS_9bufferingE
                0x00000000        0x0 hwlib.o (symbol from plugin)
 .gnu.linkonce.t._ZN5hwlib6window5writeENS_8locationENS_9bufferingE
                0x00000000        0x0 hwlib.o (symbol from plugin)
 .gnu.linkonce.t._ZN5hwlib6window5clearENS_9bufferingE
                0x00000000        0x0 hwlib.o (symbol from plugin)
 .gnu.linkonce.t._ZN5hwlib14window_ostream22goto_xy_implementationEjj
                0x00000000        0x0 hwlib.o (symbol from plugin)
 .gnu.linkonce.t._ZN5hwlib14window_ostream19putc_implementationEc
                0x00000000        0x0 hwlib.o (symbol from plugin)
 .gnu.linkonce.t._ZN5hwlib14window_ostream5clearEv
                0x00000000        0x0 hwlib.o (symbol from plugin)
 .gnu.linkonce.t._ZN5hwlib11window_part20write_implementationENS_8locationENS_5colorENS_9bufferingE
                0x00000000        0x0 hwlib.o (symbol from plugin)
 .gnu.linkonce.t._ZN5hwlib11window_part5flushEv
                0x00000000        0x0 hwlib.o (symbol from plugin)
 .gnu.linkonce.t._ZN5hwlib13window_invert20write_implementationENS_8locationENS_5colorENS_9bufferingE
                0x00000000        0x0 hwlib.o (symbol from plugin)
 .gnu.linkonce.t._ZN5hwlib13window_invert5flushEv
                0x00000000        0x0 hwlib.o (symbol from plugin)
 .gnu.linkonce.t._ZNK5hwlib16font_default_8x8ixEc
                0x00000000        0x0 hwlib.o (symbol from plugin)
 .gnu.linkonce.t._ZNK5hwlib11image_16x1618get_implementationENS_8locationE
                0x00000000        0x0 hwlib.o (symbol from plugin)
 .gnu.linkonce.t._ZNK5hwlib18font_default_16x16ixEc
                0x00000000        0x0 hwlib.o (symbol from plugin)
 .gnu.linkonce.t._ZN5hwlib8pcf8574a5flushEv
                0x00000000        0x0 hwlib.o (symbol from plugin)
 .gnu.linkonce.t._ZN5hwlib8pcf8574a7refreshEv
                0x00000000        0x0 hwlib.o (symbol from plugin)
 .gnu.linkonce.t._ZN5hwlib8pcf8574a7one_pin3setEbNS_9bufferingE
                0x00000000        0x0 hwlib.o (symbol from plugin)
 .gnu.linkonce.t._ZN5hwlib8pcf8574a7one_pin3getENS_9bufferingE
                0x00000000        0x0 hwlib.o (symbol from plugin)
 .gnu.linkonce.t._ZN5hwlib8pcf8574a14number_of_pinsEv
                0x00000000        0x0 hwlib.o (symbol from plugin)
 .gnu.linkonce.t._ZN5hwlib8pcf8574a3setEjNS_9bufferingE
                0x00000000        0x0 hwlib.o (symbol from plugin)
 .gnu.linkonce.t._ZN5hwlib7pcf85918_one_dac3setEj
                0x00000000        0x0 hwlib.o (symbol from plugin)
 .gnu.linkonce.t._ZN5hwlib5hc5955flushEv
                0x00000000        0x0 hwlib.o (symbol from plugin)
 .gnu.linkonce.t._ZN5hwlib5hc5957one_pin3setEbNS_9bufferingE
                0x00000000        0x0 hwlib.o (symbol from plugin)
 .gnu.linkonce.t._ZN5hwlib5hc59514number_of_pinsEv
                0x00000000        0x0 hwlib.o (symbol from plugin)
 .gnu.linkonce.t._ZN5hwlib5hc5953setEjNS_9bufferingE
                0x00000000        0x0 hwlib.o (symbol from plugin)
 .gnu.linkonce.t._ZN5hwlib9glcd_55109send_byteEh
                0x00000000        0x0 hwlib.o (symbol from plugin)
 .gnu.linkonce.t._ZN5hwlib9glcd_55107commandEh
                0x00000000        0x0 hwlib.o (symbol from plugin)
 .gnu.linkonce.t._ZN5hwlib9glcd_55104dataEh
                0x00000000        0x0 hwlib.o (symbol from plugin)
 .gnu.linkonce.t._ZN5hwlib9glcd_55106pixelsEhhh
                0x00000000        0x0 hwlib.o (symbol from plugin)
 .gnu.linkonce.t._ZN5hwlib9glcd_551020write_implementationENS_8locationENS_5colorENS_9bufferingE
                0x00000000        0x0 hwlib.o (symbol from plugin)
 .gnu.linkonce.t._ZN5hwlib9glcd_55105clearENS_9bufferingE
                0x00000000        0x0 hwlib.o (symbol from plugin)
 .gnu.linkonce.t._ZN5hwlib18glcd_5510_buffered9send_byteEh
                0x00000000        0x0 hwlib.o (symbol from plugin)
 .gnu.linkonce.t._ZN5hwlib18glcd_5510_buffered7commandEh
                0x00000000        0x0 hwlib.o (symbol from plugin)
 .gnu.linkonce.t._ZN5hwlib18glcd_5510_buffered4dataEh
                0x00000000        0x0 hwlib.o (symbol from plugin)
 .gnu.linkonce.t._ZN5hwlib18glcd_5510_buffered6pixelsEhhh
                0x00000000        0x0 hwlib.o (symbol from plugin)
 .gnu.linkonce.t._ZN5hwlib18glcd_5510_buffered20write_implementationENS_8locationENS_5colorENS_9bufferingE
                0x00000000        0x0 hwlib.o (symbol from plugin)
 .gnu.linkonce.t._ZN5hwlib18glcd_5510_buffered5clearENS_9bufferingE
                0x00000000        0x0 hwlib.o (symbol from plugin)
 .gnu.linkonce.t._ZN5hwlib18glcd_5510_buffered5flushEv
                0x00000000        0x0 hwlib.o (symbol from plugin)
 .gnu.linkonce.t._ZN5hwlib9glcd_oled7commandEjjj
                0x00000000        0x0 hwlib.o (symbol from plugin)
 .gnu.linkonce.t._ZN5hwlib9glcd_oled6pixelsEjjj
                0x00000000        0x0 hwlib.o (symbol from plugin)
 .gnu.linkonce.t._ZN5hwlib9glcd_oled20write_implementationENS_8locationENS_5colorENS_9bufferingE
                0x00000000        0x0 hwlib.o (symbol from plugin)
 .gnu.linkonce.t._ZN5hwlib9glcd_oled5flushEv
                0x00000000        0x0 hwlib.o (symbol from plugin)
 .gnu.linkonce.t._ZN5hwlib18glcd_oled_buffered7commandEhhh
                0x00000000        0x0 hwlib.o (symbol from plugin)
 .gnu.linkonce.t._ZN5hwlib18glcd_oled_buffered6pixelsEhhh
                0x00000000        0x0 hwlib.o (symbol from plugin)
 .gnu.linkonce.t._ZN5hwlib18glcd_oled_buffered20write_implementationENS_8locationENS_5colorENS_9bufferingE
                0x00000000        0x0 hwlib.o (symbol from plugin)
 .gnu.linkonce.t._ZN11stm32f103c88pin_base6configEm
                0x00000000        0x0 hwlib.o (symbol from plugin)
 .gnu.linkonce.t._ZN11stm32f103c88pin_base8base_getEv
                0x00000000        0x0 hwlib.o (symbol from plugin)
 .gnu.linkonce.t._ZN11stm32f103c88pin_base8base_setEb
                0x00000000        0x0 hwlib.o (symbol from plugin)
 .gnu.linkonce.t._ZN11stm32f103c86pin_in3getEN5hwlib9bufferingE
                0x00000000        0x0 hwlib.o (symbol from plugin)
 .gnu.linkonce.t._ZN11stm32f103c87pin_out3setEbN5hwlib9bufferingE
                0x00000000        0x0 hwlib.o (symbol from plugin)
 .gnu.linkonce.t._ZN11stm32f103c810pin_in_out20direction_set_outputEv
                0x00000000        0x0 hwlib.o (symbol from plugin)
 .gnu.linkonce.t._ZN11stm32f103c810pin_in_out3setEbN5hwlib9bufferingE
                0x00000000        0x0 hwlib.o (symbol from plugin)
 .gnu.linkonce.t._ZN11stm32f103c86pin_oc3getEN5hwlib9bufferingE
                0x00000000        0x0 hwlib.o (symbol from plugin)
 .gnu.linkonce.t._ZN11stm32f103c86pin_oc3setEbN5hwlib9bufferingE
                0x00000000        0x0 hwlib.o (symbol from plugin)
 .gnu.linkonce.t._ZN5hwlib20cout_using_uart_putc4putcEc
                0x00000000        0x0 hwlib.o (symbol from plugin)
 .gnu.linkonce.t._ZN5hwlib19cin_using_uart_getc14char_availableEv
                0x00000000        0x0 hwlib.o (symbol from plugin)
 .gnu.linkonce.t._ZN5hwlib19cin_using_uart_getc4getcEv
                0x00000000        0x0 hwlib.o (symbol from plugin)
 .gnu.linkonce.t._ZN5hwlib33spi_bus_bit_banged_sclk_mosi_miso14write_and_readERNS_7pin_outEjPKhPh
                0x00000000        0x0 hwlib.o (symbol from plugin)
 .gnu.linkonce.t._ZN5hwlib26i2c_bus_bit_banged_scl_sda11write_startEv
                0x00000000        0x0 hwlib.o (symbol from plugin)
 .gnu.linkonce.t._ZN5hwlib26i2c_bus_bit_banged_scl_sda9write_bitEb
                0x00000000        0x0 hwlib.o (symbol from plugin)
 .gnu.linkonce.t._ZN5hwlib26i2c_bus_bit_banged_scl_sda10write_byteEj
                0x00000000        0x0 hwlib.o (symbol from plugin)
 .gnu.linkonce.t._ZN5hwlib26i2c_bus_bit_banged_scl_sda9write_ackEv
                0x00000000        0x0 hwlib.o (symbol from plugin)
 .gnu.linkonce.t._ZN5hwlib26i2c_bus_bit_banged_scl_sda8read_bitEv
                0x00000000        0x0 hwlib.o (symbol from plugin)
 .gnu.linkonce.t._ZN5hwlib26i2c_bus_bit_banged_scl_sda8read_ackEv
                0x00000000        0x0 hwlib.o (symbol from plugin)
 .gnu.linkonce.t._ZN5hwlib26i2c_bus_bit_banged_scl_sda9read_byteEv
                0x00000000        0x0 hwlib.o (symbol from plugin)
 .gnu.linkonce.t._ZN5hwlib26i2c_bus_bit_banged_scl_sda10write_stopEv
                0x00000000        0x0 hwlib.o (symbol from plugin)
 .gnu.linkonce.t._ZN5hwlib26i2c_bus_bit_banged_scl_sda5writeEjPKhj
                0x00000000        0x0 hwlib.o (symbol from plugin)
 .gnu.linkonce.t._ZN5hwlib26i2c_bus_bit_banged_scl_sda4readEjPhj
                0x00000000        0x0 hwlib.o (symbol from plugin)
 .gnu.linkonce.t._ZN5hwlib7hd447806write4Eh
                0x00000000        0x0 hwlib.o (symbol from plugin)
 .gnu.linkonce.t._ZN5hwlib7hd447806write8Ebh
                0x00000000        0x0 hwlib.o (symbol from plugin)
 .gnu.linkonce.t._ZN5hwlib7hd447807commandEh
                0x00000000        0x0 hwlib.o (symbol from plugin)
 .gnu.linkonce.t._ZN5hwlib7hd4478022goto_xy_implementationEjj
                0x00000000        0x0 hwlib.o (symbol from plugin)
 .gnu.linkonce.t._ZN5hwlib7hd447804dataEh
                0x00000000        0x0 hwlib.o (symbol from plugin)
 .gnu.linkonce.t._ZN5hwlib7hd4478019putc_implementationEc
                0x00000000        0x0 hwlib.o (symbol from plugin)
 .gnu.linkonce.t._ZN5hwlib18glcd_oled_buffered5flushEv
                0x00000000        0x0 hwlib.o (symbol from plugin)
 .gnu.linkonce.t._ZN5hwlib7hd447805clearEv
                0x00000000        0x0 hwlib.o (symbol from plugin)
 .gnu.linkonce.t._ZTVN5hwlib6circleE
                0x00000000        0x0 hwlib.o (symbol from plugin)
 .gnu.linkonce.t._ZTVN5hwlib20cout_using_uart_putcE
                0x00000000        0x0 hwlib.o (symbol from plugin)
 .gnu.linkonce.t._ZTVN5hwlib19cin_using_uart_getcE
                0x00000000        0x0 hwlib.o (symbol from plugin)
 .gnu.linkonce.t._ZTVN5hwlib23_pin_in_out_dummy_classE
                0x00000000        0x0 hwlib.o (symbol from plugin)
 .gnu.linkonce.t._ZTVN5hwlib19_pin_in_dummy_classE
                0x00000000        0x0 hwlib.o (symbol from plugin)
 .gnu.linkonce.t._ZTVN5hwlib20_pin_out_dummy_classE
                0x00000000        0x0 hwlib.o (symbol from plugin)
 .gnu.linkonce.t._ZTVN5hwlib19_pin_oc_dummy_classE
                0x00000000        0x0 hwlib.o (symbol from plugin)
 .gnu.linkonce.t._ZTVN5hwlib9image_8x8E
                0x00000000        0x0 hwlib.o (symbol from plugin)
 .text          0x00000000        0x0 main.o (symbol from plugin)
 .text          0x00000000        0x0 bmptk_cortex.o
 .data          0x00000000        0x0 bmptk_cortex.o
 .bss           0x00000000        0x0 bmptk_cortex.o
 .text.__aeabi_idiv0
                0x00000000        0x4 bmptk_cortex.o
 .text.__cxa_pure_virtual
                0x00000000        0x2 bmptk_cortex.o
 COMMON         0x00000000        0x4 bmptk_cortex.o
 .text          0x00000000        0x0 bmptk_heap_none.o
 .data          0x00000000        0x0 bmptk_heap_none.o
 .bss           0x00000000        0x0 bmptk_heap_none.o
 .text.malloc   0x00000000        0xa bmptk_heap_none.o
 .text.free     0x00000000        0x4 bmptk_heap_none.o
 .text          0x00000000        0x0 bmptk_fixed_size_stack.o
 .data          0x00000000        0x0 bmptk_fixed_size_stack.o
 .bss           0x00000000        0x0 bmptk_fixed_size_stack.o

Memory Configuration

Name             Origin             Length             Attributes
rom              0x08000000         0x00010000         xr
ram              0x20000000         0x00005000         xrw
nul              0x20005000         0x00000000         xrw
*default*        0x00000000         0xffffffff

Linker script and memory map

LOAD c:/sysgcc/arm-eabi/bin/../lib/gcc/arm-eabi/6.2.0/thumb/cortex_m3\libgcc.a
LOAD wait.o
LOAD C:\Users\Wouter\AppData\Local\Temp\cc8QUFAS.ltrans0.ltrans.o
LOAD pin_set.o
LOAD hwlib.o
LOAD main.o
LOAD bmptk_cortex.o
LOAD bmptk_heap_none.o
LOAD bmptk_fixed_size_stack.o
LOAD c:/sysgcc/arm-eabi/bin/../lib/gcc/arm-eabi/6.2.0/../../../../arm-eabi/lib/thumb/cortex_m3\libm.a
LOAD c:/sysgcc/arm-eabi/bin/../lib/gcc/arm-eabi/6.2.0/thumb/cortex_m3\libgcc.a
LOAD c:/sysgcc/arm-eabi/bin/../lib/gcc/arm-eabi/6.2.0/../../../../arm-eabi/lib/thumb/cortex_m3\libc.a
                0x08000000                __rom_start = ORIGIN (rom)
                0x00010000                __rom_size = LENGTH (rom)
                0x08010000                __rom_end = (__rom_start + __rom_size)
                0x20000000                __ram_start = ORIGIN (ram)
                0x00005000                __ram_size = LENGTH (ram)
                0x20005000                __ram_end = (__ram_start + __ram_size)
                [!provide]                PROVIDE (__rom_start, __rom_start)
                [!provide]                PROVIDE (__rom_size, __rom_size)
                [!provide]                PROVIDE (__rom_end, __rom_end)
                [!provide]                PROVIDE (__ram_start, __ram_start)
                [!provide]                PROVIDE (__ram_size, __ram_size)
                [!provide]                PROVIDE (__ram_end, __ram_end)

.text           0x08000000       0xc4
                0x08000000                . = ALIGN (0x4)
                0x08000000                __text_start = .
                [!provide]                PROVIDE (__text_start, __text_start)
                0x08000000                . = ALIGN (0x4)
 *(.vectors)
 .vectors       0x08000000       0x20 bmptk_cortex.o
                0x08000000                __vectors
                0x08000020                . = ALIGN (0x4)
 *(.text .text.* .gnu.linkonce.t.*)
 .text._Z4waitv
                0x08000020       0x20 C:\Users\Wouter\AppData\Local\Temp\cc8QUFAS.ltrans0.ltrans.o
 .text.startup.main
                0x08000040       0x3c C:\Users\Wouter\AppData\Local\Temp\cc8QUFAS.ltrans0.ltrans.o
                0x08000040                main
 .text.__startup
                0x0800007c       0x48 bmptk_cortex.o
                0x0800007c                __startup
                0x080000c4                . = ALIGN (0x4)
 *(.glue_7t .glue_7)
 .glue_7        0x080000c4        0x0 linker stubs
 .glue_7t       0x080000c4        0x0 linker stubs
                0x080000c4                . = ALIGN (0x4)
 *(.rodata .rodata.* .gnu.linkonce.r.*)
                0x080000c4                . = ALIGN (0x4)
 *(.ARM.extab* .gnu.linkonce.armextab.*)
                0x080000c4                . = ALIGN (0x4)
 *(.gcc_except_table)
                0x080000c4                . = ALIGN (0x4)
 *(.eh_frame_hdr)
                0x080000c4                . = ALIGN (0x4)
 *(.eh_frame)
                0x080000c4                . = ALIGN (0x4)
                0x080000c4                __text_end = .
                [!provide]                PROVIDE (__text_end, __text_end)

.vfp11_veneer   0x080000c4        0x0
 .vfp11_veneer  0x080000c4        0x0 linker stubs

.v4_bx          0x080000c4        0x0
 .v4_bx         0x080000c4        0x0 linker stubs

.iplt           0x080000c4        0x0
 .iplt          0x080000c4        0x0 bmptk_cortex.o

.rel.dyn        0x080000c4        0x0
 .rel.iplt      0x080000c4        0x0 bmptk_cortex.o

.IF_YOU_SEE_THIS_YOU_HAVE_ONE_OR_MORE_GLOBAL_OBJECT_CONSTRUCTORS
 *(.init)
 *(.preinit_array)
 *(SORT(.init_array.*))
 *(.init_array)
                0x080000c4                . = ALIGN (0x4)
                0x080000c4                __exidx_start = .
                [!provide]                PROVIDE (__exidx_start, __exidx_start)

.ARM.exidx
 *(.ARM.exidx* .gnu.linkonce.armexidx.*)
                0x080000c4                . = ALIGN (0x4)
                0x080000c4                __exidx_end = .
                [!provide]                PROVIDE (__exidx_end, __exidx_end)

.bss            0x20000000     0x1800
                0x20000000                . = ALIGN (0x4)
                0x20000000                __stack_start = .
                [!provide]                PROVIDE (__stack_start, __stack_start)
                0x20000000                . = ALIGN (0x4)
 *(.bmptk_stack)
 .bmptk_stack   0x20000000     0x1800 bmptk_fixed_size_stack.o
                0x20000000                bmptk_stack
                0x20001800                . = ALIGN (0x8)
                0x20001800                __main_stack_end = .
                [!provide]                PROVIDE (__main_stack_end, __main_stack_end)
                0x20001800                . = ALIGN (0x4)
                0x20001800                __stack_end = .
                [!provide]                PROVIDE (__stack_end, __stack_end)
                0x20001800                . = ALIGN (0x4)
                0x20001800                __bss_start = .
                [!provide]                PROVIDE (__bss_start, __bss_start)
                0x20001800                . = ALIGN (0x4)
 *(.bss .bss.* .gnu.linkonce.b.*)
                0x20001800                . = ALIGN (0x4)
 *(COMMON)
                0x20001800                . = ALIGN (0x4)
                0x20001800                __bss_end = .
                [!provide]                PROVIDE (__bss_end, __bss_end)

.data           0x20001800        0x0 load address 0x080000c4
                0x20001800                . = ALIGN (0x4)
                0x080000c4                __data_init_start = LOADADDR (.data)
                [!provide]                PROVIDE (__data_init_start, __data_init_start)
                0x20001800                __data_start = .
                [!provide]                PROVIDE (__data_start, __data_start)
                0x20001800                . = ALIGN (0x4)
 *(.data .data.* .gnu.linkonce.d.*)
                0x20001800                . = ALIGN (0x4)
                0x20001800                __data_end = .
                [!provide]                PROVIDE (__data_end, __data_end)
                0x080000c4                __data_init_end = LOADADDR (.data)
                [!provide]                PROVIDE (__data_init_end, __data_init_end)
                0x00000000                PROVIDE (__data_size, (__data_end - __data_start))
                0x00000000                PROVIDE (__data_init_size, __data_size)
                [!provide]                PROVIDE (__data_init_end, (__data_init_start + __data_init_size))

.igot.plt       0x20001800        0x0 load address 0x080000c4
 .igot.plt      0x20001800        0x0 bmptk_cortex.o
                0x20001800                . = ALIGN (0x4)
                0x20001800                __heap_start = .
                [!provide]                PROVIDE (__heap_start, __heap_start)
                0x20001800                . = ALIGN (0x4)
                0x20005000                __heap_end = __ram_end
                [!provide]                PROVIDE (__heap_end, __heap_end)

.stab
 *(.stab)

.stabstr
 *(.stabstr)

.debug
 *(.debug)

.line
 *(.line)

.debug_srcinfo
 *(.debug_srcinfo)

.debug_sfnames
 *(.debug_sfnames)

.debug_aranges
 *(.debug_aranges)

.debug_pubnames
 *(.debug_pubnames)

.debug_info
 *(.debug_info .gnu.linkonce.wi.*)

.debug_abbrev
 *(.debug_abbrev)

.debug_line
 *(.debug_line)

.debug_frame
 *(.debug_frame)

.debug_str
 *(.debug_str)

.debug_loc
 *(.debug_loc)

.debug_macinfo
 *(.debug_macinfo)

.debug_weaknames
 *(.debug_weaknames)

.debug_funcnames
 *(.debug_funcnames)

.debug_typenames
 *(.debug_typenames)

.debug_varnames
 *(.debug_varnames)

.note.gnu.arm.ident
 *(.note.gnu.arm.ident)

.ARM.attributes
                0x00000000       0x33
 *(.ARM.attributes)
 .ARM.attributes
                0x00000000       0x31 C:\Users\Wouter\AppData\Local\Temp\cc8QUFAS.ltrans0.ltrans.o
 .ARM.attributes
                0x00000031       0x33 bmptk_cortex.o
 .ARM.attributes
                0x00000064       0x33 bmptk_heap_none.o
 .ARM.attributes
                0x00000097       0x33 bmptk_fixed_size_stack.o

/DISCARD/
 *(.note.GNU-stack)
                [!provide]                PROVIDE (__text_size, (__text_end - __text_start))
                [!provide]                PROVIDE (__exidx_size, (__exidx_end - __exidx_start))
                [!provide]                PROVIDE (__bss_size, (__bss_end - __bss_start))
                [!provide]                PROVIDE (__stack_size, (__stack_end - __stack_start))
                [!provide]                PROVIDE (__heap_size, (__heap_end - __heap_start))
OUTPUT(main.elf elf32-littlearm)

.comment        0x00000000       0x11
 .comment       0x00000000       0x12 C:\Users\Wouter\AppData\Local\Temp\cc8QUFAS.ltrans0.ltrans.o
 .comment       0x00000000       0x11 bmptk_cortex.o
                                 0x12 (size before relaxing)
 .comment       0x00000011       0x12 bmptk_heap_none.o
 .comment       0x00000011       0x12 bmptk_fixed_size_stack.o
